// Vitest Snapshot v1, https://vitest.dev/guide/snapshot.html

exports[`task Component > Task component should render 1`] = `
{
  "asFragment": [Function],
  "baseElement": <body>
    <div>
      <div>
        <div
          class="task"
        >
          <p>
            Dummy
          </p>
          <h6>
            Dummy Decsc
          </h6>
          <h6>
            Mon Aug 14 2023 13:05:22 GMT+0530 (India Standard Time)
          </h6>
          <h6>
            Todo
          </h6>
        </div>
      </div>
    </div>
  </body>,
  "container": <div>
    <div>
      <div
        class="task"
      >
        <p>
          Dummy
        </p>
        <h6>
          Dummy Decsc
        </h6>
        <h6>
          Mon Aug 14 2023 13:05:22 GMT+0530 (India Standard Time)
        </h6>
        <h6>
          Todo
        </h6>
      </div>
    </div>
  </div>,
  "debug": [Function],
  "findAllByAltText": [Function],
  "findAllByDisplayValue": [Function],
  "findAllByLabelText": [Function],
  "findAllByPlaceholderText": [Function],
  "findAllByRole": [Function],
  "findAllByTestId": [Function],
  "findAllByText": [Function],
  "findAllByTitle": [Function],
  "findByAltText": [Function],
  "findByDisplayValue": [Function],
  "findByLabelText": [Function],
  "findByPlaceholderText": [Function],
  "findByRole": [Function],
  "findByTestId": [Function],
  "findByText": [Function],
  "findByTitle": [Function],
  "getAllByAltText": [Function],
  "getAllByDisplayValue": [Function],
  "getAllByLabelText": [Function],
  "getAllByPlaceholderText": [Function],
  "getAllByRole": [Function],
  "getAllByTestId": [Function],
  "getAllByText": [Function],
  "getAllByTitle": [Function],
  "getByAltText": [Function],
  "getByDisplayValue": [Function],
  "getByLabelText": [Function],
  "getByPlaceholderText": [Function],
  "getByRole": [Function],
  "getByTestId": [Function],
  "getByText": [Function],
  "getByTitle": [Function],
  "queryAllByAltText": [Function],
  "queryAllByDisplayValue": [Function],
  "queryAllByLabelText": [Function],
  "queryAllByPlaceholderText": [Function],
  "queryAllByRole": [Function],
  "queryAllByTestId": [Function],
  "queryAllByText": [Function],
  "queryAllByTitle": [Function],
  "queryByAltText": [Function],
  "queryByDisplayValue": [Function],
  "queryByLabelText": [Function],
  "queryByPlaceholderText": [Function],
  "queryByRole": [Function],
  "queryByTestId": [Function],
  "queryByText": [Function],
  "queryByTitle": [Function],
  "rerender": [Function],
  "unmount": [Function],
}
`;
